Command line invocation:
    /Applications/Xcode.app/Contents/Developer/usr/bin/xcodebuild -scheme Scenic -configuration Debug -destination "platform=iOS Simulator,name=iPhone 16" build

--- xcodebuild: WARNING: Using the first of multiple matching destinations:
{ platform:iOS Simulator, arch:arm64, id:38F81F32-C39B-4DE6-A648-735A2AFE7439, OS:18.6, name:iPhone 16 }
{ platform:iOS Simulator, arch:x86_64, id:38F81F32-C39B-4DE6-A648-735A2AFE7439, OS:18.6, name:iPhone 16 }
ComputePackagePrebuildTargetDependencyGraph

Prepare packages

CreateBuildRequest

SendProjectDescription

CreateBuildOperation

ComputeTargetDependencyGraph
note: Building targets in dependency order
note: Target dependency graph (1 target)
    Target 'Scenic' in project 'Scenic' (no dependencies)

GatherProvisioningInputs

CreateBuildDescription

ExecuteExternalTool /Applications/Xcode.app/Contents/Developer/Toolchains/XcodeDefault.xctoolchain/usr/bin/clang -v -E -dM -isysroot /Applications/Xcode.app/Contents/Developer/Platforms/iPhoneSimulator.platform/Developer/SDKs/iPhoneSimulator18.5.sdk -x c -c /dev/null

ExecuteExternalTool /Applications/Xcode.app/Contents/Developer/usr/bin/momc --dry-run --action generate --swift-version 5.0 --sdkroot /Applications/Xcode.app/Contents/Developer/Platforms/iPhoneSimulator.platform/Developer/SDKs/iPhoneSimulator18.5.sdk --iphonesimulator-deployment-target 17.6 --module Scenic /Users/eranshir/Documents/Projects/scenic/Scenic/ScenicDataModel.xcdatamodeld /Users/eranshir/Library/Developer/Xcode/DerivedData/Scenic-eozbxhicitwgopgchhdqynpvedbz/Build/Intermediates.noindex/Scenic.build/Debug-iphonesimulator/Scenic.build/DerivedSources/CoreDataGenerated/ScenicDataModel

ExecuteExternalTool /Applications/Xcode.app/Contents/Developer/Toolchains/XcodeDefault.xctoolchain/usr/bin/swiftc --version

ExecuteExternalTool /Applications/Xcode.app/Contents/Developer/Toolchains/XcodeDefault.xctoolchain/usr/bin/ld -version_details

Build description signature: 34be5da98e98cf00fba4b26e2e458448
Build description path: /Users/eranshir/Library/Developer/Xcode/DerivedData/Scenic-eozbxhicitwgopgchhdqynpvedbz/Build/Intermediates.noindex/XCBuildData/34be5da98e98cf00fba4b26e2e458448.xcbuilddata
ClangStatCache /Applications/Xcode.app/Contents/Developer/Toolchains/XcodeDefault.xctoolchain/usr/bin/clang-stat-cache /Applications/Xcode.app/Contents/Developer/Platforms/iPhoneSimulator.platform/Developer/SDKs/iPhoneSimulator18.5.sdk /Users/eranshir/Library/Developer/Xcode/DerivedData/SDKStatCaches.noindex/iphonesimulator18.5-22F76-d5fc8ad4295d2ef488fb7d0f804ce0c4.sdkstatcache
    cd /Users/eranshir/Documents/Projects/scenic/Scenic/Scenic.xcodeproj
    /Applications/Xcode.app/Contents/Developer/Toolchains/XcodeDefault.xctoolchain/usr/bin/clang-stat-cache /Applications/Xcode.app/Contents/Developer/Platforms/iPhoneSimulator.platform/Developer/SDKs/iPhoneSimulator18.5.sdk -o /Users/eranshir/Library/Developer/Xcode/DerivedData/SDKStatCaches.noindex/iphonesimulator18.5-22F76-d5fc8ad4295d2ef488fb7d0f804ce0c4.sdkstatcache

ProcessInfoPlistFile /Users/eranshir/Library/Developer/Xcode/DerivedData/Scenic-eozbxhicitwgopgchhdqynpvedbz/Build/Products/Debug-iphonesimulator/Scenic.app/Info.plist /Users/eranshir/Documents/Projects/scenic/Scenic/Scenic/Info.plist (in target 'Scenic' from project 'Scenic')
    cd /Users/eranshir/Documents/Projects/scenic/Scenic
    builtin-infoPlistUtility /Users/eranshir/Documents/Projects/scenic/Scenic/Scenic/Info.plist -producttype com.apple.product-type.application -genpkginfo /Users/eranshir/Library/Developer/Xcode/DerivedData/Scenic-eozbxhicitwgopgchhdqynpvedbz/Build/Products/Debug-iphonesimulator/Scenic.app/PkgInfo -expandbuildsettings -format binary -platform iphonesimulator -o /Users/eranshir/Library/Developer/Xcode/DerivedData/Scenic-eozbxhicitwgopgchhdqynpvedbz/Build/Products/Debug-iphonesimulator/Scenic.app/Info.plist

SwiftDriver Scenic normal arm64 com.apple.xcode.tools.swift.compiler (in target 'Scenic' from project 'Scenic')
    cd /Users/eranshir/Documents/Projects/scenic/Scenic
    builtin-SwiftDriver -- /Applications/Xcode.app/Contents/Developer/Toolchains/XcodeDefault.xctoolchain/usr/bin/swiftc -module-name Scenic -Onone -enforce-exclusivity\=checked @/Users/eranshir/Library/Developer/Xcode/DerivedData/Scenic-eozbxhicitwgopgchhdqynpvedbz/Build/Intermediates.noindex/Scenic.build/Debug-iphonesimulator/Scenic.build/Objects-normal/arm64/Scenic.SwiftFileList -DDEBUG -enable-bare-slash-regex -enable-experimental-feature DebugDescriptionMacro -sdk /Applications/Xcode.app/Contents/Developer/Platforms/iPhoneSimulator.platform/Developer/SDKs/iPhoneSimulator18.5.sdk -target arm64-apple-ios17.6-simulator -g -module-cache-path /Users/eranshir/Library/Developer/Xcode/DerivedData/ModuleCache.noindex -Xfrontend -serialize-debugging-options -profile-coverage-mapping -profile-generate -enable-testing -index-store-path /Users/eranshir/Library/Developer/Xcode/DerivedData/Scenic-eozbxhicitwgopgchhdqynpvedbz/Index.noindex/DataStore -swift-version 5 -I /Users/eranshir/Library/Developer/Xcode/DerivedData/Scenic-eozbxhicitwgopgchhdqynpvedbz/Build/Products/Debug-iphonesimulator -F /Users/eranshir/Library/Developer/Xcode/DerivedData/Scenic-eozbxhicitwgopgchhdqynpvedbz/Build/Products/Debug-iphonesimulator -emit-localized-strings -emit-localized-strings-path /Users/eranshir/Library/Developer/Xcode/DerivedData/Scenic-eozbxhicitwgopgchhdqynpvedbz/Build/Intermediates.noindex/Scenic.build/Debug-iphonesimulator/Scenic.build/Objects-normal/arm64 -c -j14 -enable-batch-mode -incremental -Xcc -ivfsstatcache -Xcc /Users/eranshir/Library/Developer/Xcode/DerivedData/SDKStatCaches.noindex/iphonesimulator18.5-22F76-d5fc8ad4295d2ef488fb7d0f804ce0c4.sdkstatcache -output-file-map /Users/eranshir/Library/Developer/Xcode/DerivedData/Scenic-eozbxhicitwgopgchhdqynpvedbz/Build/Intermediates.noindex/Scenic.build/Debug-iphonesimulator/Scenic.build/Objects-normal/arm64/Scenic-OutputFileMap.json -use-frontend-parseable-output -save-temps -no-color-diagnostics -serialize-diagnostics -emit-dependencies -emit-module -emit-module-path /Users/eranshir/Library/Developer/Xcode/DerivedData/Scenic-eozbxhicitwgopgchhdqynpvedbz/Build/Intermediates.noindex/Scenic.build/Debug-iphonesimulator/Scenic.build/Objects-normal/arm64/Scenic.swiftmodule -validate-clang-modules-once -clang-build-session-file /Users/eranshir/Library/Developer/Xcode/DerivedData/ModuleCache.noindex/Session.modulevalidation -Xcc -I/Users/eranshir/Library/Developer/Xcode/DerivedData/Scenic-eozbxhicitwgopgchhdqynpvedbz/Build/Intermediates.noindex/Scenic.build/Debug-iphonesimulator/Scenic.build/swift-overrides.hmap -emit-const-values -Xfrontend -const-gather-protocols-file -Xfrontend /Users/eranshir/Library/Developer/Xcode/DerivedData/Scenic-eozbxhicitwgopgchhdqynpvedbz/Build/Intermediates.noindex/Scenic.build/Debug-iphonesimulator/Scenic.build/Objects-normal/arm64/Scenic_const_extract_protocols.json -Xcc -iquote -Xcc /Users/eranshir/Library/Developer/Xcode/DerivedData/Scenic-eozbxhicitwgopgchhdqynpvedbz/Build/Intermediates.noindex/Scenic.build/Debug-iphonesimulator/Scenic.build/Scenic-generated-files.hmap -Xcc -I/Users/eranshir/Library/Developer/Xcode/DerivedData/Scenic-eozbxhicitwgopgchhdqynpvedbz/Build/Intermediates.noindex/Scenic.build/Debug-iphonesimulator/Scenic.build/Scenic-own-target-headers.hmap -Xcc -I/Users/eranshir/Library/Developer/Xcode/DerivedData/Scenic-eozbxhicitwgopgchhdqynpvedbz/Build/Intermediates.noindex/Scenic.build/Debug-iphonesimulator/Scenic.build/Scenic-all-target-headers.hmap -Xcc -iquote -Xcc /Users/eranshir/Library/Developer/Xcode/DerivedData/Scenic-eozbxhicitwgopgchhdqynpvedbz/Build/Intermediates.noindex/Scenic.build/Debug-iphonesimulator/Scenic.build/Scenic-project-headers.hmap -Xcc -I/Users/eranshir/Library/Developer/Xcode/DerivedData/Scenic-eozbxhicitwgopgchhdqynpvedbz/Build/Products/Debug-iphonesimulator/include -Xcc -I/Users/eranshir/Library/Developer/Xcode/DerivedData/Scenic-eozbxhicitwgopgchhdqynpvedbz/Build/Intermediates.noindex/Scenic.build/Debug-iphonesimulator/Scenic.build/DerivedSources-normal/arm64 -Xcc -I/Users/eranshir/Library/Developer/Xcode/DerivedData/Scenic-eozbxhicitwgopgchhdqynpvedbz/Build/Intermediates.noindex/Scenic.build/Debug-iphonesimulator/Scenic.build/DerivedSources/arm64 -Xcc -I/Users/eranshir/Library/Developer/Xcode/DerivedData/Scenic-eozbxhicitwgopgchhdqynpvedbz/Build/Intermediates.noindex/Scenic.build/Debug-iphonesimulator/Scenic.build/DerivedSources -Xcc -DDEBUG\=1 -emit-objc-header -emit-objc-header-path /Users/eranshir/Library/Developer/Xcode/DerivedData/Scenic-eozbxhicitwgopgchhdqynpvedbz/Build/Intermediates.noindex/Scenic.build/Debug-iphonesimulator/Scenic.build/Objects-normal/arm64/Scenic-Swift.h -working-directory /Users/eranshir/Documents/Projects/scenic/Scenic -experimental-emit-module-separately -disable-cmo

SwiftCompile normal arm64 Compiling\ CommentRow.swift,\ JournalView.swift /Users/eranshir/Documents/Projects/scenic/Scenic/Views/Components/CommentRow.swift /Users/eranshir/Documents/Projects/scenic/Scenic/Views/Journal/JournalView.swift (in target 'Scenic' from project 'Scenic')

SwiftCompile normal arm64 /Users/eranshir/Documents/Projects/scenic/Scenic/Views/Components/CommentRow.swift (in target 'Scenic' from project 'Scenic')
    cd /Users/eranshir/Documents/Projects/scenic/Scenic
    

SwiftCompile normal arm64 /Users/eranshir/Documents/Projects/scenic/Scenic/Views/Journal/JournalView.swift (in target 'Scenic' from project 'Scenic')
    cd /Users/eranshir/Documents/Projects/scenic/Scenic
    

SwiftCompile normal arm64 Compiling\ CachedPhotoView.swift,\ AsyncPhotoView.swift /Users/eranshir/Documents/Projects/scenic/Scenic/Views/Shared/CachedPhotoView.swift /Users/eranshir/Documents/Projects/scenic/Scenic/Views/Shared/AsyncPhotoView.swift (in target 'Scenic' from project 'Scenic')

SwiftCompile normal arm64 /Users/eranshir/Documents/Projects/scenic/Scenic/Views/Shared/CachedPhotoView.swift (in target 'Scenic' from project 'Scenic')
    cd /Users/eranshir/Documents/Projects/scenic/Scenic
    

SwiftCompile normal arm64 /Users/eranshir/Documents/Projects/scenic/Scenic/Views/Shared/AsyncPhotoView.swift (in target 'Scenic' from project 'Scenic')
    cd /Users/eranshir/Documents/Projects/scenic/Scenic
    
/Users/eranshir/Documents/Projects/scenic/Scenic/Views/Shared/AsyncPhotoView.swift:71:52: warning: 'loadImage(from:targetSize:)' is deprecated: Use loadImage(from cdMedia:) instead
        let loadedImage = await PhotoLoader.shared.loadImage(from: photoIdentifier, targetSize: targetSize)
                                                   ^

SwiftCompile normal arm64 Compiling\ SpotDetailView.swift,\ SpotDataService.swift /Users/eranshir/Documents/Projects/scenic/Scenic/Views/Spot/SpotDetailView.swift /Users/eranshir/Documents/Projects/scenic/Scenic/Services/SpotDataService.swift (in target 'Scenic' from project 'Scenic')
SwiftCompile normal arm64 /Users/eranshir/Documents/Projects/scenic/Scenic/Views/Spot/SpotDetailView.swift (in target 'Scenic' from project 'Scenic')
    cd /Users/eranshir/Documents/Projects/scenic/Scenic
    
/Users/eranshir/Documents/Projects/scenic/Scenic/Views/Spot/SpotDetailView.swift:1875:56: error: value of type 'CGSize' has no member 'x'
                        dragOffset = value.translation.x
                                     ~~~~~~~~~~~~~~~~~ ^
/Users/eranshir/Documents/Projects/scenic/Scenic/Views/Spot/SpotDetailView.swift:1879:62: error: value of type 'CGSize' has no member 'x'
                        let translationX = value.translation.x
                                           ~~~~~~~~~~~~~~~~~ ^

SwiftCompile normal arm64 /Users/eranshir/Documents/Projects/scenic/Scenic/Services/SpotDataService.swift (in target 'Scenic' from project 'Scenic')
    cd /Users/eranshir/Documents/Projects/scenic/Scenic
    

Failed frontend command:
/Applications/Xcode.app/Contents/Developer/Toolchains/XcodeDefault.xctoolchain/usr/bin/swift-frontend -frontend -c /Users/eranshir/Documents/Projects/scenic/Scenic/Models/Media.swift -primary-file /Users/eranshir/Documents/Projects/scenic/Scenic/Views/Spot/SpotDetailView.swift -primary-file /Users/eranshir/Documents/Projects/scenic/Scenic/Services/SpotDataService.swift /Users/eranshir/Documents/Projects/scenic/Scenic/Services/PhotoLoader.swift /Users/eranshir/Documents/Projects/scenic/Scenic/Services/PhotoCacheService.swift /Users/eranshir/Documents/Projects/scenic/Scenic/Views/Shared/CachedPhotoView.swift /Users/eranshir/Documents/Projects/scenic/Scenic/Views/Shared/AsyncPhotoView.swift /Users/eranshir/Documents/Projects/scenic/Scenic/Views/Shared/UnifiedPhotoView.swift /Users/eranshir/Documents/Projects/scenic/Scenic/Views/Components/CommentRow.swift /Users/eranshir/Documents/Projects/scenic/Scenic/Views/Journal/JournalView.swift /Users/eranshir/Documents/Projects/scenic/Scenic/Models/SunSnapshot.swift /Users/eranshir/Documents/Projects/scenic/Scenic/Views/Components/ExifDataView.swift /Users/eranshir/Documents/Projects/scenic/Scenic/Models/AccessInfo.swift /Users/eranshir/Documents/Projects/scenic/Scenic/Views/Home/FilterView.swift /Users/eranshir/Documents/Projects/scenic/Scenic/Views/Plans/PlansView.swift /Users/eranshir/Documents/Projects/scenic/Scenic/App/ContentView.swift /Users/eranshir/Documents/Projects/scenic/Scenic/Models/Spot.swift /Users/eranshir/Documents/Projects/scenic/Scenic/Models/Plan.swift /Users/eranshir/Documents/Projects/scenic/Scenic/Models/Comment.swift /Users/eranshir/Documents/Projects/scenic/Scenic/Views/Plans/CreatePlanView.swift /Users/eranshir/Documents/Projects/scenic/Scenic/CDSunSnapshot+Extensions.swift /Users/eranshir/Documents/Projects/scenic/Scenic/CDWeatherSnapshot+Extensions.swift /Users/eranshir/Documents/Projects/scenic/Scenic/CDAccessInfo+Extensions.swift /Users/eranshir/Documents/Projects/scenic/Scenic/CDMedia+Extensions.swift /Users/eranshir/Documents/Projects/scenic/Scenic/CDSpot+Extensions.swift /Users/eranshir/Documents/Projects/scenic/Scenic/Views/Profile/SettingsView.swift /Users/eranshir/Documents/Projects/scenic/Scenic/Views/Profile/ProfileView.swift /Users/eranshir/Documents/Projects/scenic/Scenic/Views/Add/AddSpotView.swift /Users/eranshir/Documents/Projects/scenic/Scenic/Views/Home/SpotListView.swift /Users/eranshir/Documents/Projects/scenic/Scenic/Views/Home/HomeView.swift /Users/eranshir/Documents/Projects/scenic/Scenic/Views/Plans/PlanDetailView.swift /Users/eranshir/Documents/Projects/scenic/Scenic/Models/User.swift /Users/eranshir/Documents/Projects/scenic/Scenic/Views/Add/RouteStep.swift /Users/eranshir/Documents/Projects/scenic/Scenic/Views/Home/MapView.swift /Users/eranshir/Documents/Projects/scenic/Scenic/Views/Add/MetadataConfirmStep.swift /Users/eranshir/Documents/Projects/scenic/Scenic/Views/Spot/AddToPlanView.swift /Users/eranshir/Documents/Projects/scenic/Scenic/Models/WeatherSnapshot.swift /Users/eranshir/Documents/Projects/scenic/Scenic/Services/PhotoMetadataExtractor.swift /Users/eranshir/Documents/Projects/scenic/Scenic/App/ScenicApp.swift /Users/eranshir/Documents/Projects/scenic/Scenic/Views/Add/PublishStep.swift /Users/eranshir/Documents/Projects/scenic/Scenic/Views/Components/SunTimesWidget.swift /Users/eranshir/Documents/Projects/scenic/Scenic/App/AppState.swift /Users/eranshir/Documents/Projects/scenic/Scenic/Services/PersistenceController.swift /Users/eranshir/Documents/Projects/scenic/Scenic/Views/Components/WeatherWidget.swift /Users/eranshir/Documents/Projects/scenic/Scenic/Views/Components/AccessInfoView.swift /Users/eranshir/Library/Developer/Xcode/DerivedData/Scenic-eozbxhicitwgopgchhdqynpvedbz/Build/Intermediates.noindex/Scenic.build/Debug-iphonesimulator/Scenic.build/DerivedSources/CoreDataGenerated/ScenicDataModel/CDAccessInfo+CoreDataClass.swift /Users/eranshir/Library/Developer/Xcode/DerivedData/Scenic-eozbxhicitwgopgchhdqynpvedbz/Build/Intermediates.noindex/Scenic.build/Debug-iphonesimulator/Scenic.build/DerivedSources/CoreDataGenerated/ScenicDataModel/CDAccessInfo+CoreDataProperties.swift /Users/eranshir/Library/Developer/Xcode/DerivedData/Scenic-eozbxhicitwgopgchhdqynpvedbz/Build/Intermediates.noindex/Scenic.build/Debug-iphonesimulator/Scenic.build/DerivedSources/CoreDataGenerated/ScenicDataModel/CDComment+CoreDataClass.swift /Users/eranshir/Library/Developer/Xcode/DerivedData/Scenic-eozbxhicitwgopgchhdqynpvedbz/Build/Intermediates.noindex/Scenic.build/Debug-iphonesimulator/Scenic.build/DerivedSources/CoreDataGenerated/ScenicDataModel/CDComment+CoreDataProperties.swift /Users/eranshir/Library/Developer/Xcode/DerivedData/Scenic-eozbxhicitwgopgchhdqynpvedbz/Build/Intermediates.noindex/Scenic.build/Debug-iphonesimulator/Scenic.build/DerivedSources/CoreDataGenerated/ScenicDataModel/CDMedia+CoreDataClass.swift /Users/eranshir/Library/Developer/Xcode/DerivedData/Scenic-eozbxhicitwgopgchhdqynpvedbz/Build/Intermediates.noindex/Scenic.build/Debug-iphonesimulator/Scenic.build/DerivedSources/CoreDataGenerated/ScenicDataModel/CDMedia+CoreDataProperties.swift /Users/eranshir/Library/Developer/Xcode/DerivedData/Scenic-eozbxhicitwgopgchhdqynpvedbz/Build/Intermediates.noindex/Scenic.build/Debug-iphonesimulator/Scenic.build/DerivedSources/CoreDataGenerated/ScenicDataModel/CDSpot+CoreDataClass.swift /Users/eranshir/Library/Developer/Xcode/DerivedData/Scenic-eozbxhicitwgopgchhdqynpvedbz/Build/Intermediates.noindex/Scenic.build/Debug-iphonesimulator/Scenic.build/DerivedSources/CoreDataGenerated/ScenicDataModel/CDSpot+CoreDataProperties.swift /Users/eranshir/Library/Developer/Xcode/DerivedData/Scenic-eozbxhicitwgopgchhdqynpvedbz/Build/Intermediates.noindex/Scenic.build/Debug-iphonesimulator/Scenic.build/DerivedSources/CoreDataGenerated/ScenicDataModel/CDSunSnapshot+CoreDataClass.swift /Users/eranshir/Library/Developer/Xcode/DerivedData/Scenic-eozbxhicitwgopgchhdqynpvedbz/Build/Intermediates.noindex/Scenic.build/Debug-iphonesimulator/Scenic.build/DerivedSources/CoreDataGenerated/ScenicDataModel/CDSunSnapshot+CoreDataProperties.swift /Users/eranshir/Library/Developer/Xcode/DerivedData/Scenic-eozbxhicitwgopgchhdqynpvedbz/Build/Intermediates.noindex/Scenic.build/Debug-iphonesimulator/Scenic.build/DerivedSources/CoreDataGenerated/ScenicDataModel/CDWeatherSnapshot+CoreDataClass.swift /Users/eranshir/Library/Developer/Xcode/DerivedData/Scenic-eozbxhicitwgopgchhdqynpvedbz/Build/Intermediates.noindex/Scenic.build/Debug-iphonesimulator/Scenic.build/DerivedSources/CoreDataGenerated/ScenicDataModel/CDWeatherSnapshot+CoreDataProperties.swift /Users/eranshir/Library/Developer/Xcode/DerivedData/Scenic-eozbxhicitwgopgchhdqynpvedbz/Build/Intermediates.noindex/Scenic.build/Debug-iphonesimulator/Scenic.build/DerivedSources/CoreDataGenerated/ScenicDataModel/ScenicDataModel+CoreDataModel.swift -emit-dependencies-path /Users/eranshir/Library/Developer/Xcode/DerivedData/Scenic-eozbxhicitwgopgchhdqynpvedbz/Build/Intermediates.noindex/Scenic.build/Debug-iphonesimulator/Scenic.build/Objects-normal/arm64/SpotDetailView.d -emit-const-values-path /Users/eranshir/Library/Developer/Xcode/DerivedData/Scenic-eozbxhicitwgopgchhdqynpvedbz/Build/Intermediates.noindex/Scenic.build/Debug-iphonesimulator/Scenic.build/Objects-normal/arm64/SpotDetailView.swiftconstvalues -emit-reference-dependencies-path /Users/eranshir/Library/Developer/Xcode/DerivedData/Scenic-eozbxhicitwgopgchhdqynpvedbz/Build/Intermediates.noindex/Scenic.build/Debug-iphonesimulator/Scenic.build/Objects-normal/arm64/SpotDetailView.swiftdeps -serialize-diagnostics-path /Users/eranshir/Library/Developer/Xcode/DerivedData/Scenic-eozbxhicitwgopgchhdqynpvedbz/Build/Intermediates.noindex/Scenic.build/Debug-iphonesimulator/Scenic.build/Objects-normal/arm64/SpotDetailView.dia -emit-dependencies-path /Users/eranshir/Library/Developer/Xcode/DerivedData/Scenic-eozbxhicitwgopgchhdqynpvedbz/Build/Intermediates.noindex/Scenic.build/Debug-iphonesimulator/Scenic.build/Objects-normal/arm64/SpotDataService.d -emit-const-values-path /Users/eranshir/Library/Developer/Xcode/DerivedData/Scenic-eozbxhicitwgopgchhdqynpvedbz/Build/Intermediates.noindex/Scenic.build/Debug-iphonesimulator/Scenic.build/Objects-normal/arm64/SpotDataService.swiftconstvalues -emit-reference-dependencies-path /Users/eranshir/Library/Developer/Xcode/DerivedData/Scenic-eozbxhicitwgopgchhdqynpvedbz/Build/Intermediates.noindex/Scenic.build/Debug-iphonesimulator/Scenic.build/Objects-normal/arm64/SpotDataService.swiftdeps -serialize-diagnostics-path /Users/eranshir/Library/Developer/Xcode/DerivedData/Scenic-eozbxhicitwgopgchhdqynpvedbz/Build/Intermediates.noindex/Scenic.build/Debug-iphonesimulator/Scenic.build/Objects-normal/arm64/SpotDataService.dia -emit-localized-strings -emit-localized-strings-path /Users/eranshir/Library/Developer/Xcode/DerivedData/Scenic-eozbxhicitwgopgchhdqynpvedbz/Build/Intermediates.noindex/Scenic.build/Debug-iphonesimulator/Scenic.build/Objects-normal/arm64 -target arm64-apple-ios17.6-simulator -Xllvm -aarch64-use-tbi -enable-objc-interop -sdk /Applications/Xcode.app/Contents/Developer/Platforms/iPhoneSimulator.platform/Developer/SDKs/iPhoneSimulator18.5.sdk -I /Users/eranshir/Library/Developer/Xcode/DerivedData/Scenic-eozbxhicitwgopgchhdqynpvedbz/Build/Products/Debug-iphonesimulator -F /Users/eranshir/Library/Developer/Xcode/DerivedData/Scenic-eozbxhicitwgopgchhdqynpvedbz/Build/Products/Debug-iphonesimulator -no-color-diagnostics -enable-testing -g -debug-info-format\=dwarf -dwarf-version\=4 -module-cache-path /Users/eranshir/Library/Developer/Xcode/DerivedData/ModuleCache.noindex -profile-generate -profile-coverage-mapping -swift-version 5 -enforce-exclusivity\=checked -Onone -D DEBUG -serialize-debugging-options -const-gather-protocols-file /Users/eranshir/Library/Developer/Xcode/DerivedData/Scenic-eozbxhicitwgopgchhdqynpvedbz/Build/Intermediates.noindex/Scenic.build/Debug-iphonesimulator/Scenic.build/Objects-normal/arm64/Scenic_const_extract_protocols.json -enable-experimental-feature DebugDescriptionMacro -enable-bare-slash-regex -empty-abi-descriptor -validate-clang-modules-once -clang-build-session-file /Users/eranshir/Library/Developer/Xcode/DerivedData/ModuleCache.noindex/Session.modulevalidation -Xcc -working-directory -Xcc /Users/eranshir/Documents/Projects/scenic/Scenic -resource-dir /Applications/Xcode.app/Contents/Developer/Toolchains/XcodeDefault.xctoolchain/usr/lib/swift -enable-anonymous-context-mangled-names -file-compilation-dir /Users/eranshir/Documents/Projects/scenic/Scenic -Xcc -ivfsstatcache -Xcc /Users/eranshir/Library/Developer/Xcode/DerivedData/SDKStatCaches.noindex/iphonesimulator18.5-22F76-d5fc8ad4295d2ef488fb7d0f804ce0c4.sdkstatcache -Xcc -I/Users/eranshir/Library/Developer/Xcode/DerivedData/Scenic-eozbxhicitwgopgchhdqynpvedbz/Build/Intermediates.noindex/Scenic.build/Debug-iphonesimulator/Scenic.build/swift-overrides.hmap -Xcc -iquote -Xcc /Users/eranshir/Library/Developer/Xcode/DerivedData/Scenic-eozbxhicitwgopgchhdqynpvedbz/Build/Intermediates.noindex/Scenic.build/Debug-iphonesimulator/Scenic.build/Scenic-generated-files.hmap -Xcc -I/Users/eranshir/Library/Developer/Xcode/DerivedData/Scenic-eozbxhicitwgopgchhdqynpvedbz/Build/Intermediates.noindex/Scenic.build/Debug-iphonesimulator/Scenic.build/Scenic-own-target-headers.hmap -Xcc -I/Users/eranshir/Library/Developer/Xcode/DerivedData/Scenic-eozbxhicitwgopgchhdqynpvedbz/Build/Intermediates.noindex/Scenic.build/Debug-iphonesimulator/Scenic.build/Scenic-all-target-headers.hmap -Xcc -iquote -Xcc /Users/eranshir/Library/Developer/Xcode/DerivedData/Scenic-eozbxhicitwgopgchhdqynpvedbz/Build/Intermediates.noindex/Scenic.build/Debug-iphonesimulator/Scenic.build/Scenic-project-headers.hmap -Xcc -I/Users/eranshir/Library/Developer/Xcode/DerivedData/Scenic-eozbxhicitwgopgchhdqynpvedbz/Build/Products/Debug-iphonesimulator/include -Xcc -I/Users/eranshir/Library/Developer/Xcode/DerivedData/Scenic-eozbxhicitwgopgchhdqynpvedbz/Build/Intermediates.noindex/Scenic.build/Debug-iphonesimulator/Scenic.build/DerivedSources-normal/arm64 -Xcc -I/Users/eranshir/Library/Developer/Xcode/DerivedData/Scenic-eozbxhicitwgopgchhdqynpvedbz/Build/Intermediates.noindex/Scenic.build/Debug-iphonesimulator/Scenic.build/DerivedSources/arm64 -Xcc -I/Users/eranshir/Library/Developer/Xcode/DerivedData/Scenic-eozbxhicitwgopgchhdqynpvedbz/Build/Intermediates.noindex/Scenic.build/Debug-iphonesimulator/Scenic.build/DerivedSources -Xcc -DDEBUG\=1 -module-name Scenic -frontend-parseable-output -disable-clang-spi -target-sdk-version 18.5 -target-sdk-name iphonesimulator18.5 -external-plugin-path /Applications/Xcode.app/Contents/Developer/Platforms/iPhoneOS.platform/Developer/usr/lib/swift/host/plugins\#/Applications/Xcode.app/Contents/Developer/Platforms/iPhoneOS.platform/Developer/usr/bin/swift-plugin-server -external-plugin-path /Applications/Xcode.app/Contents/Developer/Platforms/iPhoneOS.platform/Developer/usr/local/lib/swift/host/plugins\#/Applications/Xcode.app/Contents/Developer/Platforms/iPhoneOS.platform/Developer/usr/bin/swift-plugin-server -in-process-plugin-server-path /Applications/Xcode.app/Contents/Developer/Toolchains/XcodeDefault.xctoolchain/usr/lib/swift/host/libSwiftInProcPluginServer.dylib -plugin-path /Applications/Xcode.app/Contents/Developer/Toolchains/XcodeDefault.xctoolchain/usr/lib/swift/host/plugins -plugin-path /Applications/Xcode.app/Contents/Developer/Toolchains/XcodeDefault.xctoolchain/usr/local/lib/swift/host/plugins -o /Users/eranshir/Library/Developer/Xcode/DerivedData/Scenic-eozbxhicitwgopgchhdqynpvedbz/Build/Intermediates.noindex/Scenic.build/Debug-iphonesimulator/Scenic.build/Objects-normal/arm64/SpotDetailView.o -o /Users/eranshir/Library/Developer/Xcode/DerivedData/Scenic-eozbxhicitwgopgchhdqynpvedbz/Build/Intermediates.noindex/Scenic.build/Debug-iphonesimulator/Scenic.build/Objects-normal/arm64/SpotDataService.o -index-unit-output-path /Scenic.build/Debug-iphonesimulator/Scenic.build/Objects-normal/arm64/SpotDetailView.o -index-unit-output-path /Scenic.build/Debug-iphonesimulator/Scenic.build/Objects-normal/arm64/SpotDataService.o -index-store-path /Users/eranshir/Library/Developer/Xcode/DerivedData/Scenic-eozbxhicitwgopgchhdqynpvedbz/Index.noindex/DataStore -index-system-modules
SwiftCompile normal arm64 Compiling\ CDMedia+Extensions.swift,\ CDSpot+Extensions.swift /Users/eranshir/Documents/Projects/scenic/Scenic/CDMedia+Extensions.swift /Users/eranshir/Documents/Projects/scenic/Scenic/CDSpot+Extensions.swift (in target 'Scenic' from project 'Scenic')

SwiftCompile normal arm64 /Users/eranshir/Documents/Projects/scenic/Scenic/CDMedia+Extensions.swift (in target 'Scenic' from project 'Scenic')
    cd /Users/eranshir/Documents/Projects/scenic/Scenic
    

SwiftCompile normal arm64 /Users/eranshir/Documents/Projects/scenic/Scenic/CDSpot+Extensions.swift (in target 'Scenic' from project 'Scenic')
    cd /Users/eranshir/Documents/Projects/scenic/Scenic
    

SwiftCompile normal arm64 Compiling\ PlansView.swift,\ ContentView.swift /Users/eranshir/Documents/Projects/scenic/Scenic/Views/Plans/PlansView.swift /Users/eranshir/Documents/Projects/scenic/Scenic/App/ContentView.swift (in target 'Scenic' from project 'Scenic')

SwiftCompile normal arm64 /Users/eranshir/Documents/Projects/scenic/Scenic/Views/Plans/PlansView.swift (in target 'Scenic' from project 'Scenic')
    cd /Users/eranshir/Documents/Projects/scenic/Scenic
    

SwiftCompile normal arm64 /Users/eranshir/Documents/Projects/scenic/Scenic/App/ContentView.swift (in target 'Scenic' from project 'Scenic')
    cd /Users/eranshir/Documents/Projects/scenic/Scenic
    

SwiftCompile normal arm64 Compiling\ AddSpotView.swift,\ SpotListView.swift /Users/eranshir/Documents/Projects/scenic/Scenic/Views/Add/AddSpotView.swift /Users/eranshir/Documents/Projects/scenic/Scenic/Views/Home/SpotListView.swift (in target 'Scenic' from project 'Scenic')
SwiftCompile normal arm64 /Users/eranshir/Documents/Projects/scenic/Scenic/Views/Add/AddSpotView.swift (in target 'Scenic' from project 'Scenic')
    cd /Users/eranshir/Documents/Projects/scenic/Scenic
    

SwiftCompile normal arm64 /Users/eranshir/Documents/Projects/scenic/Scenic/Views/Home/SpotListView.swift (in target 'Scenic' from project 'Scenic')
    cd /Users/eranshir/Documents/Projects/scenic/Scenic
    

SwiftCompile normal arm64 Compiling\ ScenicApp.swift,\ PublishStep.swift /Users/eranshir/Documents/Projects/scenic/Scenic/App/ScenicApp.swift /Users/eranshir/Documents/Projects/scenic/Scenic/Views/Add/PublishStep.swift (in target 'Scenic' from project 'Scenic')

SwiftCompile normal arm64 /Users/eranshir/Documents/Projects/scenic/Scenic/App/ScenicApp.swift (in target 'Scenic' from project 'Scenic')
    cd /Users/eranshir/Documents/Projects/scenic/Scenic
    

SwiftCompile normal arm64 /Users/eranshir/Documents/Projects/scenic/Scenic/Views/Add/PublishStep.swift (in target 'Scenic' from project 'Scenic')
    cd /Users/eranshir/Documents/Projects/scenic/Scenic
    

SwiftCompile normal arm64 Compiling\ HomeView.swift,\ PlanDetailView.swift /Users/eranshir/Documents/Projects/scenic/Scenic/Views/Home/HomeView.swift /Users/eranshir/Documents/Projects/scenic/Scenic/Views/Plans/PlanDetailView.swift (in target 'Scenic' from project 'Scenic')

SwiftCompile normal arm64 /Users/eranshir/Documents/Projects/scenic/Scenic/Views/Home/HomeView.swift (in target 'Scenic' from project 'Scenic')
    cd /Users/eranshir/Documents/Projects/scenic/Scenic
    

SwiftCompile normal arm64 /Users/eranshir/Documents/Projects/scenic/Scenic/Views/Plans/PlanDetailView.swift (in target 'Scenic' from project 'Scenic')
    cd /Users/eranshir/Documents/Projects/scenic/Scenic
    

SwiftCompile normal arm64 Compiling\ Spot.swift,\ Plan.swift /Users/eranshir/Documents/Projects/scenic/Scenic/Models/Spot.swift /Users/eranshir/Documents/Projects/scenic/Scenic/Models/Plan.swift (in target 'Scenic' from project 'Scenic')

SwiftCompile normal arm64 /Users/eranshir/Documents/Projects/scenic/Scenic/Models/Spot.swift (in target 'Scenic' from project 'Scenic')
    cd /Users/eranshir/Documents/Projects/scenic/Scenic
    

SwiftCompile normal arm64 /Users/eranshir/Documents/Projects/scenic/Scenic/Models/Plan.swift (in target 'Scenic' from project 'Scenic')
    cd /Users/eranshir/Documents/Projects/scenic/Scenic
    

SwiftCompile normal arm64 Compiling\ ExifDataView.swift,\ FilterView.swift /Users/eranshir/Documents/Projects/scenic/Scenic/Views/Components/ExifDataView.swift /Users/eranshir/Documents/Projects/scenic/Scenic/Views/Home/FilterView.swift (in target 'Scenic' from project 'Scenic')

SwiftCompile normal arm64 /Users/eranshir/Documents/Projects/scenic/Scenic/Views/Components/ExifDataView.swift (in target 'Scenic' from project 'Scenic')
    cd /Users/eranshir/Documents/Projects/scenic/Scenic
    

SwiftCompile normal arm64 /Users/eranshir/Documents/Projects/scenic/Scenic/Views/Home/FilterView.swift (in target 'Scenic' from project 'Scenic')
    cd /Users/eranshir/Documents/Projects/scenic/Scenic
    

SwiftEmitModule normal arm64 Emitting\ module\ for\ Scenic (in target 'Scenic' from project 'Scenic')

EmitSwiftModule normal arm64 (in target 'Scenic' from project 'Scenic')
    cd /Users/eranshir/Documents/Projects/scenic/Scenic
    

SwiftCompile normal arm64 Compiling\ RouteStep.swift,\ MapView.swift /Users/eranshir/Documents/Projects/scenic/Scenic/Views/Add/RouteStep.swift /Users/eranshir/Documents/Projects/scenic/Scenic/Views/Home/MapView.swift (in target 'Scenic' from project 'Scenic')

SwiftCompile normal arm64 /Users/eranshir/Documents/Projects/scenic/Scenic/Views/Add/RouteStep.swift (in target 'Scenic' from project 'Scenic')
    cd /Users/eranshir/Documents/Projects/scenic/Scenic
    

SwiftCompile normal arm64 /Users/eranshir/Documents/Projects/scenic/Scenic/Views/Home/MapView.swift (in target 'Scenic' from project 'Scenic')
    cd /Users/eranshir/Documents/Projects/scenic/Scenic
    

SwiftCompile normal arm64 Compiling\ WeatherWidget.swift,\ AccessInfoView.swift /Users/eranshir/Documents/Projects/scenic/Scenic/Views/Components/WeatherWidget.swift /Users/eranshir/Documents/Projects/scenic/Scenic/Views/Components/AccessInfoView.swift (in target 'Scenic' from project 'Scenic')

SwiftCompile normal arm64 /Users/eranshir/Documents/Projects/scenic/Scenic/Views/Components/WeatherWidget.swift (in target 'Scenic' from project 'Scenic')
    cd /Users/eranshir/Documents/Projects/scenic/Scenic
    

SwiftCompile normal arm64 /Users/eranshir/Documents/Projects/scenic/Scenic/Views/Components/AccessInfoView.swift (in target 'Scenic' from project 'Scenic')
    cd /Users/eranshir/Documents/Projects/scenic/Scenic
    

SwiftCompile normal arm64 Compiling\ MetadataConfirmStep.swift,\ AddToPlanView.swift /Users/eranshir/Documents/Projects/scenic/Scenic/Views/Add/MetadataConfirmStep.swift /Users/eranshir/Documents/Projects/scenic/Scenic/Views/Spot/AddToPlanView.swift (in target 'Scenic' from project 'Scenic')

SwiftCompile normal arm64 /Users/eranshir/Documents/Projects/scenic/Scenic/Views/Add/MetadataConfirmStep.swift (in target 'Scenic' from project 'Scenic')
    cd /Users/eranshir/Documents/Projects/scenic/Scenic
    

SwiftCompile normal arm64 /Users/eranshir/Documents/Projects/scenic/Scenic/Views/Spot/AddToPlanView.swift (in target 'Scenic' from project 'Scenic')
    cd /Users/eranshir/Documents/Projects/scenic/Scenic
    

SwiftCompile normal arm64 Compiling\ SunTimesWidget.swift,\ AppState.swift /Users/eranshir/Documents/Projects/scenic/Scenic/Views/Components/SunTimesWidget.swift /Users/eranshir/Documents/Projects/scenic/Scenic/App/AppState.swift (in target 'Scenic' from project 'Scenic')

SwiftCompile normal arm64 /Users/eranshir/Documents/Projects/scenic/Scenic/Views/Components/SunTimesWidget.swift (in target 'Scenic' from project 'Scenic')
    cd /Users/eranshir/Documents/Projects/scenic/Scenic
    

SwiftCompile normal arm64 /Users/eranshir/Documents/Projects/scenic/Scenic/App/AppState.swift (in target 'Scenic' from project 'Scenic')
    cd /Users/eranshir/Documents/Projects/scenic/Scenic
    

SwiftDriverJobDiscovery normal arm64 Compiling Spot.swift, Plan.swift (in target 'Scenic' from project 'Scenic')

SwiftDriverJobDiscovery normal arm64 Compiling CDMedia+Extensions.swift, CDSpot+Extensions.swift (in target 'Scenic' from project 'Scenic')

SwiftDriverJobDiscovery normal arm64 Compiling CachedPhotoView.swift, AsyncPhotoView.swift (in target 'Scenic' from project 'Scenic')

SwiftDriverJobDiscovery normal arm64 Compiling WeatherWidget.swift, AccessInfoView.swift (in target 'Scenic' from project 'Scenic')

SwiftDriverJobDiscovery normal arm64 Compiling ExifDataView.swift, FilterView.swift (in target 'Scenic' from project 'Scenic')

SwiftDriverJobDiscovery normal arm64 Compiling PlansView.swift, ContentView.swift (in target 'Scenic' from project 'Scenic')

SwiftDriverJobDiscovery normal arm64 Emitting module for Scenic (in target 'Scenic' from project 'Scenic')

SwiftDriver\ Compilation\ Requirements Scenic normal arm64 com.apple.xcode.tools.swift.compiler (in target 'Scenic' from project 'Scenic')
    cd /Users/eranshir/Documents/Projects/scenic/Scenic
    builtin-Swift-Compilation-Requirements -- /Applications/Xcode.app/Contents/Developer/Toolchains/XcodeDefault.xctoolchain/usr/bin/swiftc -module-name Scenic -Onone -enforce-exclusivity\=checked @/Users/eranshir/Library/Developer/Xcode/DerivedData/Scenic-eozbxhicitwgopgchhdqynpvedbz/Build/Intermediates.noindex/Scenic.build/Debug-iphonesimulator/Scenic.build/Objects-normal/arm64/Scenic.SwiftFileList -DDEBUG -enable-bare-slash-regex -enable-experimental-feature DebugDescriptionMacro -sdk /Applications/Xcode.app/Contents/Developer/Platforms/iPhoneSimulator.platform/Developer/SDKs/iPhoneSimulator18.5.sdk -target arm64-apple-ios17.6-simulator -g -module-cache-path /Users/eranshir/Library/Developer/Xcode/DerivedData/ModuleCache.noindex -Xfrontend -serialize-debugging-options -profile-coverage-mapping -profile-generate -enable-testing -index-store-path /Users/eranshir/Library/Developer/Xcode/DerivedData/Scenic-eozbxhicitwgopgchhdqynpvedbz/Index.noindex/DataStore -swift-version 5 -I /Users/eranshir/Library/Developer/Xcode/DerivedData/Scenic-eozbxhicitwgopgchhdqynpvedbz/Build/Products/Debug-iphonesimulator -F /Users/eranshir/Library/Developer/Xcode/DerivedData/Scenic-eozbxhicitwgopgchhdqynpvedbz/Build/Products/Debug-iphonesimulator -emit-localized-strings -emit-localized-strings-path /Users/eranshir/Library/Developer/Xcode/DerivedData/Scenic-eozbxhicitwgopgchhdqynpvedbz/Build/Intermediates.noindex/Scenic.build/Debug-iphonesimulator/Scenic.build/Objects-normal/arm64 -c -j14 -enable-batch-mode -incremental -Xcc -ivfsstatcache -Xcc /Users/eranshir/Library/Developer/Xcode/DerivedData/SDKStatCaches.noindex/iphonesimulator18.5-22F76-d5fc8ad4295d2ef488fb7d0f804ce0c4.sdkstatcache -output-file-map /Users/eranshir/Library/Developer/Xcode/DerivedData/Scenic-eozbxhicitwgopgchhdqynpvedbz/Build/Intermediates.noindex/Scenic.build/Debug-iphonesimulator/Scenic.build/Objects-normal/arm64/Scenic-OutputFileMap.json -use-frontend-parseable-output -save-temps -no-color-diagnostics -serialize-diagnostics -emit-dependencies -emit-module -emit-module-path /Users/eranshir/Library/Developer/Xcode/DerivedData/Scenic-eozbxhicitwgopgchhdqynpvedbz/Build/Intermediates.noindex/Scenic.build/Debug-iphonesimulator/Scenic.build/Objects-normal/arm64/Scenic.swiftmodule -validate-clang-modules-once -clang-build-session-file /Users/eranshir/Library/Developer/Xcode/DerivedData/ModuleCache.noindex/Session.modulevalidation -Xcc -I/Users/eranshir/Library/Developer/Xcode/DerivedData/Scenic-eozbxhicitwgopgchhdqynpvedbz/Build/Intermediates.noindex/Scenic.build/Debug-iphonesimulator/Scenic.build/swift-overrides.hmap -emit-const-values -Xfrontend -const-gather-protocols-file -Xfrontend /Users/eranshir/Library/Developer/Xcode/DerivedData/Scenic-eozbxhicitwgopgchhdqynpvedbz/Build/Intermediates.noindex/Scenic.build/Debug-iphonesimulator/Scenic.build/Objects-normal/arm64/Scenic_const_extract_protocols.json -Xcc -iquote -Xcc /Users/eranshir/Library/Developer/Xcode/DerivedData/Scenic-eozbxhicitwgopgchhdqynpvedbz/Build/Intermediates.noindex/Scenic.build/Debug-iphonesimulator/Scenic.build/Scenic-generated-files.hmap -Xcc -I/Users/eranshir/Library/Developer/Xcode/DerivedData/Scenic-eozbxhicitwgopgchhdqynpvedbz/Build/Intermediates.noindex/Scenic.build/Debug-iphonesimulator/Scenic.build/Scenic-own-target-headers.hmap -Xcc -I/Users/eranshir/Library/Developer/Xcode/DerivedData/Scenic-eozbxhicitwgopgchhdqynpvedbz/Build/Intermediates.noindex/Scenic.build/Debug-iphonesimulator/Scenic.build/Scenic-all-target-headers.hmap -Xcc -iquote -Xcc /Users/eranshir/Library/Developer/Xcode/DerivedData/Scenic-eozbxhicitwgopgchhdqynpvedbz/Build/Intermediates.noindex/Scenic.build/Debug-iphonesimulator/Scenic.build/Scenic-project-headers.hmap -Xcc -I/Users/eranshir/Library/Developer/Xcode/DerivedData/Scenic-eozbxhicitwgopgchhdqynpvedbz/Build/Products/Debug-iphonesimulator/include -Xcc -I/Users/eranshir/Library/Developer/Xcode/DerivedData/Scenic-eozbxhicitwgopgchhdqynpvedbz/Build/Intermediates.noindex/Scenic.build/Debug-iphonesimulator/Scenic.build/DerivedSources-normal/arm64 -Xcc -I/Users/eranshir/Library/Developer/Xcode/DerivedData/Scenic-eozbxhicitwgopgchhdqynpvedbz/Build/Intermediates.noindex/Scenic.build/Debug-iphonesimulator/Scenic.build/DerivedSources/arm64 -Xcc -I/Users/eranshir/Library/Developer/Xcode/DerivedData/Scenic-eozbxhicitwgopgchhdqynpvedbz/Build/Intermediates.noindex/Scenic.build/Debug-iphonesimulator/Scenic.build/DerivedSources -Xcc -DDEBUG\=1 -emit-objc-header -emit-objc-header-path /Users/eranshir/Library/Developer/Xcode/DerivedData/Scenic-eozbxhicitwgopgchhdqynpvedbz/Build/Intermediates.noindex/Scenic.build/Debug-iphonesimulator/Scenic.build/Objects-normal/arm64/Scenic-Swift.h -working-directory /Users/eranshir/Documents/Projects/scenic/Scenic -experimental-emit-module-separately -disable-cmo

Copy /Users/eranshir/Library/Developer/Xcode/DerivedData/Scenic-eozbxhicitwgopgchhdqynpvedbz/Build/Products/Debug-iphonesimulator/Scenic.swiftmodule/arm64-apple-ios-simulator.swiftmodule /Users/eranshir/Library/Developer/Xcode/DerivedData/Scenic-eozbxhicitwgopgchhdqynpvedbz/Build/Intermediates.noindex/Scenic.build/Debug-iphonesimulator/Scenic.build/Objects-normal/arm64/Scenic.swiftmodule (in target 'Scenic' from project 'Scenic')
    cd /Users/eranshir/Documents/Projects/scenic/Scenic
    builtin-copy -exclude .DS_Store -exclude CVS -exclude .svn -exclude .git -exclude .hg -resolve-src-symlinks -rename /Users/eranshir/Library/Developer/Xcode/DerivedData/Scenic-eozbxhicitwgopgchhdqynpvedbz/Build/Intermediates.noindex/Scenic.build/Debug-iphonesimulator/Scenic.build/Objects-normal/arm64/Scenic.swiftmodule /Users/eranshir/Library/Developer/Xcode/DerivedData/Scenic-eozbxhicitwgopgchhdqynpvedbz/Build/Products/Debug-iphonesimulator/Scenic.swiftmodule/arm64-apple-ios-simulator.swiftmodule

Copy /Users/eranshir/Library/Developer/Xcode/DerivedData/Scenic-eozbxhicitwgopgchhdqynpvedbz/Build/Products/Debug-iphonesimulator/Scenic.swiftmodule/Project/arm64-apple-ios-simulator.swiftsourceinfo /Users/eranshir/Library/Developer/Xcode/DerivedData/Scenic-eozbxhicitwgopgchhdqynpvedbz/Build/Intermediates.noindex/Scenic.build/Debug-iphonesimulator/Scenic.build/Objects-normal/arm64/Scenic.swiftsourceinfo (in target 'Scenic' from project 'Scenic')
    cd /Users/eranshir/Documents/Projects/scenic/Scenic
    builtin-copy -exclude .DS_Store -exclude CVS -exclude .svn -exclude .git -exclude .hg -resolve-src-symlinks -rename /Users/eranshir/Library/Developer/Xcode/DerivedData/Scenic-eozbxhicitwgopgchhdqynpvedbz/Build/Intermediates.noindex/Scenic.build/Debug-iphonesimulator/Scenic.build/Objects-normal/arm64/Scenic.swiftsourceinfo /Users/eranshir/Library/Developer/Xcode/DerivedData/Scenic-eozbxhicitwgopgchhdqynpvedbz/Build/Products/Debug-iphonesimulator/Scenic.swiftmodule/Project/arm64-apple-ios-simulator.swiftsourceinfo

Copy /Users/eranshir/Library/Developer/Xcode/DerivedData/Scenic-eozbxhicitwgopgchhdqynpvedbz/Build/Products/Debug-iphonesimulator/Scenic.swiftmodule/arm64-apple-ios-simulator.abi.json /Users/eranshir/Library/Developer/Xcode/DerivedData/Scenic-eozbxhicitwgopgchhdqynpvedbz/Build/Intermediates.noindex/Scenic.build/Debug-iphonesimulator/Scenic.build/Objects-normal/arm64/Scenic.abi.json (in target 'Scenic' from project 'Scenic')
    cd /Users/eranshir/Documents/Projects/scenic/Scenic
    builtin-copy -exclude .DS_Store -exclude CVS -exclude .svn -exclude .git -exclude .hg -resolve-src-symlinks -rename /Users/eranshir/Library/Developer/Xcode/DerivedData/Scenic-eozbxhicitwgopgchhdqynpvedbz/Build/Intermediates.noindex/Scenic.build/Debug-iphonesimulator/Scenic.build/Objects-normal/arm64/Scenic.abi.json /Users/eranshir/Library/Developer/Xcode/DerivedData/Scenic-eozbxhicitwgopgchhdqynpvedbz/Build/Products/Debug-iphonesimulator/Scenic.swiftmodule/arm64-apple-ios-simulator.abi.json

SwiftDriverJobDiscovery normal arm64 Compiling HomeView.swift, PlanDetailView.swift (in target 'Scenic' from project 'Scenic')

SwiftDriverJobDiscovery normal arm64 Compiling ScenicApp.swift, PublishStep.swift (in target 'Scenic' from project 'Scenic')

SwiftDriverJobDiscovery normal arm64 Compiling SunTimesWidget.swift, AppState.swift (in target 'Scenic' from project 'Scenic')

SwiftDriverJobDiscovery normal arm64 Compiling CommentRow.swift, JournalView.swift (in target 'Scenic' from project 'Scenic')

SwiftDriverJobDiscovery normal arm64 Compiling RouteStep.swift, MapView.swift (in target 'Scenic' from project 'Scenic')

SwiftDriverJobDiscovery normal arm64 Compiling MetadataConfirmStep.swift, AddToPlanView.swift (in target 'Scenic' from project 'Scenic')

** BUILD FAILED **


The following build commands failed:
	SwiftCompile normal arm64 /Users/eranshir/Documents/Projects/scenic/Scenic/Views/Spot/SpotDetailView.swift (in target 'Scenic' from project 'Scenic')
	SwiftCompile normal arm64 Compiling\ SpotDetailView.swift,\ SpotDataService.swift /Users/eranshir/Documents/Projects/scenic/Scenic/Views/Spot/SpotDetailView.swift /Users/eranshir/Documents/Projects/scenic/Scenic/Services/SpotDataService.swift (in target 'Scenic' from project 'Scenic')
	Building project Scenic with scheme Scenic and configuration Debug
(3 failures)
